------------------------------------------------------------
Timing Analyzer Summary
------------------------------------------------------------

Type  : Slow 1200mV 85C Model Setup 'ClkDividerN:clk_divider_50|clkOut'
Slack : -3.131
TNS   : -54.536

Type  : Slow 1200mV 85C Model Setup 'CLOCK_50'
Slack : -1.261
TNS   : -7.642

Type  : Slow 1200mV 85C Model Hold 'CLOCK_50'
Slack : 0.443
TNS   : 0.000

Type  : Slow 1200mV 85C Model Hold 'ClkDividerN:clk_divider_50|clkOut'
Slack : 0.512
TNS   : 0.000

Type  : Slow 1200mV 85C Model Minimum Pulse Width 'CLOCK_50'
Slack : -3.000
TNS   : -11.995

Type  : Slow 1200mV 85C Model Minimum Pulse Width 'ClkDividerN:clk_divider_50|clkOut'
Slack : -1.285
TNS   : -25.700

Type  : Slow 1200mV 0C Model Setup 'ClkDividerN:clk_divider_50|clkOut'
Slack : -2.801
TNS   : -48.239

Type  : Slow 1200mV 0C Model Setup 'CLOCK_50'
Slack : -1.057
TNS   : -6.311

Type  : Slow 1200mV 0C Model Hold 'CLOCK_50'
Slack : 0.409
TNS   : 0.000

Type  : Slow 1200mV 0C Model Hold 'ClkDividerN:clk_divider_50|clkOut'
Slack : 0.455
TNS   : 0.000

Type  : Slow 1200mV 0C Model Minimum Pulse Width 'CLOCK_50'
Slack : -3.000
TNS   : -11.995

Type  : Slow 1200mV 0C Model Minimum Pulse Width 'ClkDividerN:clk_divider_50|clkOut'
Slack : -1.285
TNS   : -25.700

Type  : Fast 1200mV 0C Model Setup 'ClkDividerN:clk_divider_50|clkOut'
Slack : -1.022
TNS   : -16.226

Type  : Fast 1200mV 0C Model Setup 'CLOCK_50'
Slack : -0.060
TNS   : -0.300

Type  : Fast 1200mV 0C Model Hold 'CLOCK_50'
Slack : 0.197
TNS   : 0.000

Type  : Fast 1200mV 0C Model Hold 'ClkDividerN:clk_divider_50|clkOut'
Slack : 0.237
TNS   : 0.000

Type  : Fast 1200mV 0C Model Minimum Pulse Width 'CLOCK_50'
Slack : -3.000
TNS   : -10.456

Type  : Fast 1200mV 0C Model Minimum Pulse Width 'ClkDividerN:clk_divider_50|clkOut'
Slack : -1.000
TNS   : -20.000

------------------------------------------------------------
